#-----------------------------------------------------------
# Webtalk v2017.3 (64-bit)
# SW Build 2018833 on Wed Oct  4 19:58:22 MDT 2017
# IP Build 2016188 on Wed Oct  4 21:52:56 MDT 2017
# Start of session at: Mon Jan  9 06:31:54 2023
# Process ID: 24164
# Current directory: C:/Jeonghyun/Lab/TaehyunKim/DDS/AD9910/JHPARK/JeonghyunPark/AD9910_CODE-AD9910V1_1/Verilog17/AD9910V2_SERDES/AD9910V2_SERDES.sim/sim_1/behav/xsim
# Command line: wbtcv.exe -mode batch -source C:/Jeonghyun/Lab/TaehyunKim/DDS/AD9910/JHPARK/JeonghyunPark/AD9910_CODE-AD9910V1_1/Verilog17/AD9910V2_SERDES/AD9910V2_SERDES.sim/sim_1/behav/xsim/xsim.dir/testbench_main7_behav/webtalk/xsim_webtalk.tcl -notrace
# Log file: C:/Jeonghyun/Lab/TaehyunKim/DDS/AD9910/JHPARK/JeonghyunPark/AD9910_CODE-AD9910V1_1/Verilog17/AD9910V2_SERDES/AD9910V2_SERDES.sim/sim_1/behav/xsim/webtalk.log
# Journal file: C:/Jeonghyun/Lab/TaehyunKim/DDS/AD9910/JHPARK/JeonghyunPark/AD9910_CODE-AD9910V1_1/Verilog17/AD9910V2_SERDES/AD9910V2_SERDES.sim/sim_1/behav/xsim\webtalk.jou
#-----------------------------------------------------------
source C:/Jeonghyun/Lab/TaehyunKim/DDS/AD9910/JHPARK/JeonghyunPark/AD9910_CODE-AD9910V1_1/Verilog17/AD9910V2_SERDES/AD9910V2_SERDES.sim/sim_1/behav/xsim/xsim.dir/testbench_main7_behav/webtalk/xsim_webtalk.tcl -notrace
