(---------------------------------------------------------------------)
(                                                                     )
(    Dangling Line, Via and Antenna Report                            )
(                                                                     )
(    Drawing          : AD9910_Finished_3rd_allegro.brd               )
(    Software Version : 23.1P001                                      )
(    Date/Time        : Wed Nov 22 11:28:50 2023                      )
(                                                                     )
(---------------------------------------------------------------------)


Report methodology:
  - Dangling lines have at least one end not connected.
  - Dangling vias have one or no connection
      - Plus are not a test, thieving or netshort property via.
  - Antenna vias do not have connections on their start and end layers.
      - Plus they are not a thieving vias.
      - Optionally, VOLTAGE nets, testvias and through vias can be suppressed with
        the environment variable report_antennavia.
      - Section may be suppressed by variable report_noantennavia.
  - Not part of the current partition.
  - To suppress items in dangle report add the OK_DANGLE property to the via
    or connect line.

<< Dangling Lines >>  - Location marked with a star (*) is dangling.
  Net                 Layer                  Length       Location
  ------------------------------------------------------------------------------------------
  N5                   TOP                   0.1663     *(35.3458 79.6658) to  (35.3474 79.4995)
  N5                   TOP                   0.2346      (35.3480 79.4400) to *(35.3427 79.6745)
  N_8                  TOP                   0.0042      (168.6970 30.5000) to *(168.7000 30.4970)
  GND                  TOP                   0.0949      (124.2300 116.4920) to *(124.2000 116.5820)
  DVDD_I_O(3.3V)       TOP                   0.0679      (120.2200 116.2480) to *(120.1720 116.2000)


<< Dangling Vias >>
  Net                  Padstack               Location            Layers
  ---------------------------------------------------------------------------
  DVDD_I_O(3.3V)       C50H30               (106.4000 101.3000) TOP/BOTTOM 
  DVDD_I_O(3.3V)       C50H30               (106.4000 102.3000) TOP/BOTTOM 
  DVDD_I_O(3.3V)       C50H30               (106.6000 109.8000) TOP/BOTTOM 
  DVDD_I_O(3.3V)       C50H30               (106.6000 110.9000) TOP/BOTTOM 
  DVDD_I_O(3.3V)       C50H30               (107.1000 101.3000) TOP/BOTTOM 
  DVDD_I_O(3.3V)       C50H30               (107.1000 102.3000) TOP/BOTTOM 
  DVDD_I_O(3.3V)       C50H30               (107.4000 109.8000) TOP/BOTTOM 
  DVDD_I_O(3.3V)       C50H30               (107.4000 110.9000) TOP/BOTTOM 
  DVDD_I_O(3.3V)       C50H30               (113.4000 116.8000) TOP/BOTTOM 
  DVDD_I_O(3.3V)       C50H30               (114.2000 117.5000) TOP/BOTTOM 
  DVDD_I_O(3.3V)       C50H30               (114.6000 94.7000) TOP/BOTTOM 
  DVDD_I_O(3.3V)       C50H30               (115.3000 94.0000) TOP/BOTTOM 
  DVDD_I_O(3.3V)       C50H30               (115.3000 117.5000) TOP/BOTTOM 
  DVDD_I_O(3.3V)       C50H30               (116.3000 94.0000) TOP/BOTTOM 
  DVDD_I_O(3.3V)       C50H30               (117.2000 117.5000) TOP/BOTTOM 
  DVDD_I_O(3.3V)       C50H30               (118.3000 117.5000) TOP/BOTTOM 
  DVDD_I_O(3.3V)       C50H30               (119.7000 94.0000) TOP/BOTTOM 
  DVDD_I_O(3.3V)       C50H30               (120.2000 117.5000) TOP/BOTTOM 
  DVDD_I_O(3.3V)       C50H30               (120.8000 94.0000) TOP/BOTTOM 
  DVDD_I_O(3.3V)       C90H60               (106.0000 113.9926) TOP/BOTTOM 
  VCC                  C50H30               (5.2000 39.5000) TOP/BOTTOM 
  VCC                  C75H50               (40.2000 11.7000) TOP/BOTTOM 
  VCC                  C75H50               (40.2000 13.0000) TOP/BOTTOM 
  VCC                  C75H50               (40.2000 21.8000) TOP/BOTTOM 
  VCC                  C75H50               (40.2000 23.1000) TOP/BOTTOM 
  VCC                  C75H50               (40.2000 31.8000) TOP/BOTTOM 
  VCC                  C75H50               (40.2000 33.1000) TOP/BOTTOM 
  VCC                  C75H50               (40.2000 41.9000) TOP/BOTTOM 
  VCC                  C75H50               (40.2000 43.2000) TOP/BOTTOM 
  VCC                  C75H50               (40.2000 52.0000) TOP/BOTTOM 
  VCC                  C75H50               (40.2000 53.3000) TOP/BOTTOM 
  VCC                  C75H50               (40.2000 62.2000) TOP/BOTTOM 
  VCC                  C75H50               (40.2000 63.5000) TOP/BOTTOM 
  VCC                  C75H50               (40.4000 89.3000) TOP/BOTTOM 
  VCC                  C75H50               (40.4000 90.6000) TOP/BOTTOM 
  VCC                  C75H50               (40.4000 100.0000) TOP/BOTTOM 
  VCC                  C75H50               (40.4000 101.3000) TOP/BOTTOM 
  VCC                  C75H50               (40.4000 120.1000) TOP/BOTTOM 
  VCC                  C75H50               (40.4000 121.4000) TOP/BOTTOM 
  VCC                  C75H50               (40.4000 130.0000) TOP/BOTTOM 
  VCC                  C75H50               (40.4000 131.2000) TOP/BOTTOM 
  VCC                  C75H50               (40.4000 139.5000) TOP/BOTTOM 
  VCC                  C75H50               (40.4000 140.8000) TOP/BOTTOM 
  VCC                  C75H50               (40.5000 110.2000) TOP/BOTTOM 
  VCC                  C75H50               (40.5000 111.5000) TOP/BOTTOM 
  VCC                  C75H50               (41.5000 11.7000) TOP/BOTTOM 
  VCC                  C75H50               (41.5000 13.0000) TOP/BOTTOM 
  VCC                  C75H50               (41.5000 21.8000) TOP/BOTTOM 
  VCC                  C75H50               (41.5000 23.1000) TOP/BOTTOM 
  VCC                  C75H50               (41.5000 31.8000) TOP/BOTTOM 
  VCC                  C75H50               (41.5000 33.1000) TOP/BOTTOM 
  VCC                  C75H50               (41.5000 41.9000) TOP/BOTTOM 
  VCC                  C75H50               (41.5000 43.2000) TOP/BOTTOM 
  VCC                  C75H50               (41.5000 52.0000) TOP/BOTTOM 
  VCC                  C75H50               (41.5000 53.3000) TOP/BOTTOM 
  VCC                  C75H50               (41.5000 62.2000) TOP/BOTTOM 
  VCC                  C75H50               (41.5000 63.5000) TOP/BOTTOM 
  VCC                  C75H50               (41.7000 89.3000) TOP/BOTTOM 
  VCC                  C75H50               (41.7000 90.6000) TOP/BOTTOM 
  VCC                  C75H50               (41.7000 100.0000) TOP/BOTTOM 
  VCC                  C75H50               (41.7000 101.3000) TOP/BOTTOM 
  VCC                  C75H50               (41.7000 120.1000) TOP/BOTTOM 
  VCC                  C75H50               (41.7000 121.4000) TOP/BOTTOM 
  VCC                  C75H50               (41.7000 130.0000) TOP/BOTTOM 
  VCC                  C75H50               (41.7000 131.2000) TOP/BOTTOM 
  VCC                  C75H50               (41.7000 139.5000) TOP/BOTTOM 
  VCC                  C75H50               (41.7000 140.8000) TOP/BOTTOM 
  VCC                  C75H50               (41.8000 110.2000) TOP/BOTTOM 
  VCC                  C75H50               (41.8000 111.5000) TOP/BOTTOM 


<< Antenna Vias >>
  Net                  Padstack               Location            Layers
  ---------------------------------------------------------------------------
  CLK_VDD_1            C50H30               (124.2500 115.1800) TOP/BOTTOM 
  CLK_VDD_1            C50H30               (125.0000 115.9800) TOP/BOTTOM 
  CLK_VDD_1            C75H50               (76.1000 136.9000) TOP/BOTTOM 
  CLK_VDD_1            C75H50               (76.1000 138.0000) TOP/BOTTOM 
  CLK_VDD_1            C75H50               (77.1000 136.9000) TOP/BOTTOM 
  CLK_VDD_1            C75H50               (77.1000 138.0000) TOP/BOTTOM 
  CLK_VDD_2            C50H30               (122.7600 114.7400) TOP/BOTTOM 
  CLK_VDD_2            C50H30               (122.7600 115.4600) TOP/BOTTOM 
  CLK_VDD_2            C75H50               (76.1000 125.3000) TOP/BOTTOM 
  CLK_VDD_2            C75H50               (76.1000 126.4000) TOP/BOTTOM 
  CLK_VDD_2            C75H50               (77.2000 125.3000) TOP/BOTTOM 
  CLK_VDD_2            C75H50               (77.2000 126.4000) TOP/BOTTOM 
  CLK_VDD_3            C50H30               (128.6000 106.3000) TOP/BOTTOM 
  CLK_VDD_3            C50H30               (128.6000 107.8000) TOP/BOTTOM 
  CLK_VDD_3            C50H30               (129.6600 105.6900) TOP/BOTTOM 
  CLK_VDD_3            C50H30               (129.7000 108.5000) TOP/BOTTOM 
  CLK_VDD_3            C75H50               (76.1000 86.8000) TOP/BOTTOM 
  CLK_VDD_3            C75H50               (76.1000 87.9000) TOP/BOTTOM 
  CLK_VDD_3            C75H50               (77.2000 86.8000) TOP/BOTTOM 
  CLK_VDD_3            C75H50               (77.2000 87.9000) TOP/BOTTOM 
  CLK_VDD_4            C50H30               (124.6600 41.1000) TOP/BOTTOM 
  CLK_VDD_4            C50H30               (124.7000 42.6000) TOP/BOTTOM 
  CLK_VDD_4            C75H50               (76.3000 60.6000) TOP/BOTTOM 
  CLK_VDD_4            C75H50               (76.3000 61.7000) TOP/BOTTOM 
  CLK_VDD_4            C75H50               (77.4000 60.6000) TOP/BOTTOM 
  CLK_VDD_4            C75H50               (77.4000 61.7000) TOP/BOTTOM 
  CLK_VDD_5            C50H30               (122.8600 41.0000) TOP/BOTTOM 
  CLK_VDD_5            C50H30               (122.8600 41.6770) TOP/BOTTOM 
  CLK_VDD_5            C75H50               (76.1000 47.6000) TOP/BOTTOM 
  CLK_VDD_5            C75H50               (76.1000 48.7000) TOP/BOTTOM 
  CLK_VDD_5            C75H50               (77.2000 47.6000) TOP/BOTTOM 
  CLK_VDD_5            C75H50               (77.2000 48.7000) TOP/BOTTOM 
  CLK_VDD_6            C50H30               (128.4000 32.5000) TOP/BOTTOM 
  CLK_VDD_6            C50H30               (128.6000 34.0000) TOP/BOTTOM 
  CLK_VDD_6            C50H30               (129.2700 34.7000) TOP/BOTTOM 
  CLK_VDD_6            C50H30               (129.2800 31.7500) TOP/BOTTOM 
  CLK_VDD_6            C75H50               (76.1000 7.4000) TOP/BOTTOM 
  CLK_VDD_6            C75H50               (76.1000 8.5000) TOP/BOTTOM 
  CLK_VDD_6            C75H50               (77.2000 7.4000) TOP/BOTTOM 
  CLK_VDD_6            C75H50               (77.2000 8.5000) TOP/BOTTOM 
  DAC_VDD              C50H30               (124.7600 96.9800) TOP/BOTTOM 
  DAC_VDD              C50H30               (125.5000 96.3000) TOP/BOTTOM 
  DAC_VDD              C50H30               (128.2300 103.3200) TOP/BOTTOM 
  DAC_VDD              C50H30               (128.4000 100.3000) TOP/BOTTOM 
  DAC_VDD              C50H30               (129.1600 102.6900) TOP/BOTTOM 
  DAC_VDD              C50H30               (129.3000 99.4000) TOP/BOTTOM 
  DAC_VDD              C75H50               (76.1000 97.9000) TOP/BOTTOM 
  DAC_VDD              C75H50               (76.1000 99.0000) TOP/BOTTOM 
  DAC_VDD              C75H50               (77.2000 97.9000) TOP/BOTTOM 
  DAC_VDD              C75H50               (77.2000 99.0000) TOP/BOTTOM 
  DAC_VDD2             C50H30               (124.8500 22.9900) TOP/BOTTOM 
  DAC_VDD2             C50H30               (125.6300 22.3500) TOP/BOTTOM 
  DAC_VDD2             C50H30               (128.0000 26.5000) TOP/BOTTOM 
  DAC_VDD2             C50H30               (128.4000 29.5000) TOP/BOTTOM 
  DAC_VDD2             C50H30               (129.3400 28.8935) TOP/BOTTOM 
  DAC_VDD2             C50H30               (129.4000 26.5000) TOP/BOTTOM 
  DAC_VDD2             C75H50               (76.1000 17.4000) TOP/BOTTOM 
  DAC_VDD2             C75H50               (76.1000 18.5000) TOP/BOTTOM 
  DAC_VDD2             C75H50               (77.2000 17.4000) TOP/BOTTOM 
  DAC_VDD2             C75H50               (77.2000 18.5000) TOP/BOTTOM 
  DVDD(1.8V)           C50H30               (109.3000 101.3000) TOP/BOTTOM 
  DVDD(1.8V)           C50H30               (109.5000 109.8000) TOP/BOTTOM 
  DVDD(1.8V)           C50H30               (110.2000 101.3000) TOP/BOTTOM 
  DVDD(1.8V)           C50H30               (110.3000 109.8000) TOP/BOTTOM 
  DVDD(1.8V)           C50H30               (114.2000 115.5000) TOP/BOTTOM 
  DVDD(1.8V)           C50H30               (114.2107 114.7000) TOP/BOTTOM 
  DVDD(1.8V)           C50H30               (116.2500 96.1200) TOP/BOTTOM 
  DVDD(1.8V)           C50H30               (116.2500 97.0000) TOP/BOTTOM 
  DVDD(1.8V)           C50H30               (117.2400 114.6800) TOP/BOTTOM 
  DVDD(1.8V)           C50H30               (117.2400 115.4800) TOP/BOTTOM 
  DVDD(1.8V)           C50H30               (119.7200 96.0900) TOP/BOTTOM 
  DVDD(1.8V)           C50H30               (119.7225 97.0000) TOP/BOTTOM 
  DVDD(1.8V)           C75H50               (76.1000 106.4000) TOP/BOTTOM 
  DVDD(1.8V)           C75H50               (76.1000 107.5000) TOP/BOTTOM 
  DVDD(1.8V)           C75H50               (77.2000 106.4000) TOP/BOTTOM 
  DVDD(1.8V)           C75H50               (77.2000 107.5000) TOP/BOTTOM 
  DVDD2(1.8V)          C50H30               (109.5000 27.5000) TOP/BOTTOM 
  DVDD2(1.8V)          C50H30               (109.5000 36.0000) TOP/BOTTOM 
  DVDD2(1.8V)          C50H30               (110.2000 27.5000) TOP/BOTTOM 
  DVDD2(1.8V)          C50H30               (110.2000 36.0000) TOP/BOTTOM 
  DVDD2(1.8V)          C50H30               (114.3600 41.0000) TOP/BOTTOM 
  DVDD2(1.8V)          C50H30               (114.3600 41.7000) TOP/BOTTOM 
  DVDD2(1.8V)          C50H30               (116.5500 22.3900) TOP/BOTTOM 
  DVDD2(1.8V)          C50H30               (116.5500 23.0900) TOP/BOTTOM 
  DVDD2(1.8V)          C50H30               (117.3600 41.0000) TOP/BOTTOM 
  DVDD2(1.8V)          C50H30               (117.3600 41.7000) TOP/BOTTOM 
  DVDD2(1.8V)          C50H30               (119.8500 22.3900) TOP/BOTTOM 
  DVDD2(1.8V)          C50H30               (119.8500 23.0900) TOP/BOTTOM 
  DVDD2(1.8V)          C75H50               (76.1000 27.6000) TOP/BOTTOM 
  DVDD2(1.8V)          C75H50               (76.1000 28.7000) TOP/BOTTOM 
  DVDD2(1.8V)          C75H50               (77.2000 27.6000) TOP/BOTTOM 
  DVDD2(1.8V)          C75H50               (77.2000 28.7000) TOP/BOTTOM 
  DVDD_I_O(3.3V)       C50H30               (106.4000 101.3000) TOP/BOTTOM 
  DVDD_I_O(3.3V)       C50H30               (106.4000 102.3000) TOP/BOTTOM 
  DVDD_I_O(3.3V)       C50H30               (106.6000 109.8000) TOP/BOTTOM 
  DVDD_I_O(3.3V)       C50H30               (106.6000 110.9000) TOP/BOTTOM 
  DVDD_I_O(3.3V)       C50H30               (107.1000 101.3000) TOP/BOTTOM 
  DVDD_I_O(3.3V)       C50H30               (107.1000 102.3000) TOP/BOTTOM 
  DVDD_I_O(3.3V)       C50H30               (107.4000 109.8000) TOP/BOTTOM 
  DVDD_I_O(3.3V)       C50H30               (107.4000 110.9000) TOP/BOTTOM 
  DVDD_I_O(3.3V)       C50H30               (109.3000 102.3000) TOP/BOTTOM 
  DVDD_I_O(3.3V)       C50H30               (109.5000 110.8493) TOP/BOTTOM 
  DVDD_I_O(3.3V)       C50H30               (110.2000 102.3000) TOP/BOTTOM 
  DVDD_I_O(3.3V)       C50H30               (110.3000 110.8493) TOP/BOTTOM 
  DVDD_I_O(3.3V)       C50H30               (113.4000 116.8000) TOP/BOTTOM 
  DVDD_I_O(3.3V)       C50H30               (114.2000 117.5000) TOP/BOTTOM 
  DVDD_I_O(3.3V)       C50H30               (114.6000 94.7000) TOP/BOTTOM 
  DVDD_I_O(3.3V)       C50H30               (115.3000 94.0000) TOP/BOTTOM 
  DVDD_I_O(3.3V)       C50H30               (115.3000 96.1000) TOP/BOTTOM 
  DVDD_I_O(3.3V)       C50H30               (115.3000 97.0000) TOP/BOTTOM 
  DVDD_I_O(3.3V)       C50H30               (115.3000 114.7000) TOP/BOTTOM 
  DVDD_I_O(3.3V)       C50H30               (115.3000 115.5000) TOP/BOTTOM 
  DVDD_I_O(3.3V)       C50H30               (115.3000 117.5000) TOP/BOTTOM 
  DVDD_I_O(3.3V)       C50H30               (116.3000 94.0000) TOP/BOTTOM 
  DVDD_I_O(3.3V)       C50H30               (117.2000 117.5000) TOP/BOTTOM 
  DVDD_I_O(3.3V)       C50H30               (118.3000 114.7000) TOP/BOTTOM 
  DVDD_I_O(3.3V)       C50H30               (118.3000 115.5000) TOP/BOTTOM 
  DVDD_I_O(3.3V)       C50H30               (118.3000 117.5000) TOP/BOTTOM 
  DVDD_I_O(3.3V)       C50H30               (119.7000 94.0000) TOP/BOTTOM 
  DVDD_I_O(3.3V)       C50H30               (120.2000 115.5000) TOP/BOTTOM 
  DVDD_I_O(3.3V)       C50H30               (120.2000 117.5000) TOP/BOTTOM 
  DVDD_I_O(3.3V)       C50H30               (120.2500 114.6800) TOP/BOTTOM 
  DVDD_I_O(3.3V)       C50H30               (120.8000 94.0000) TOP/BOTTOM 
  DVDD_I_O(3.3V)       C50H30               (120.8000 96.1000) TOP/BOTTOM 
  DVDD_I_O(3.3V)       C50H30               (120.8000 97.0000) TOP/BOTTOM 
  DVDD_I_O(3.3V)       C75H50               (76.1000 118.1000) TOP/BOTTOM 
  DVDD_I_O(3.3V)       C75H50               (76.1000 119.2000) TOP/BOTTOM 
  DVDD_I_O(3.3V)       C75H50               (77.2000 118.1000) TOP/BOTTOM 
  DVDD_I_O(3.3V)       C75H50               (77.2000 119.2000) TOP/BOTTOM 
  DVDD_I_O(3.3V)       C90H60               (106.0000 113.9926) TOP/BOTTOM 
  DVDD_I_O2(3.3V)      C50H30               (85.5000 75.3000) TOP/BOTTOM 
  DVDD_I_O2(3.3V)      C50H30               (109.5000 28.5000) TOP/BOTTOM 
  DVDD_I_O2(3.3V)      C50H30               (109.5000 37.3000) TOP/BOTTOM 
  DVDD_I_O2(3.3V)      C50H30               (110.2000 28.5000) TOP/BOTTOM 
  DVDD_I_O2(3.3V)      C50H30               (110.2000 37.3000) TOP/BOTTOM 
  DVDD_I_O2(3.3V)      C50H30               (115.3800 40.9900) TOP/BOTTOM 
  DVDD_I_O2(3.3V)      C50H30               (115.3900 41.7000) TOP/BOTTOM 
  DVDD_I_O2(3.3V)      C50H30               (115.4500 22.3900) TOP/BOTTOM 
  DVDD_I_O2(3.3V)      C50H30               (115.4500 23.0900) TOP/BOTTOM 
  DVDD_I_O2(3.3V)      C50H30               (118.3600 41.0000) TOP/BOTTOM 
  DVDD_I_O2(3.3V)      C50H30               (118.3600 41.7000) TOP/BOTTOM 
  DVDD_I_O2(3.3V)      C50H30               (120.3600 40.9000) TOP/BOTTOM 
  DVDD_I_O2(3.3V)      C50H30               (120.3600 41.7000) TOP/BOTTOM 
  DVDD_I_O2(3.3V)      C50H30               (120.8486 22.3900) TOP/BOTTOM 
  DVDD_I_O2(3.3V)      C50H30               (120.8486 23.0900) TOP/BOTTOM 
  DVDD_I_O2(3.3V)      C75H50               (76.1000 39.1000) TOP/BOTTOM 
  DVDD_I_O2(3.3V)      C75H50               (76.1000 40.2000) TOP/BOTTOM 
  DVDD_I_O2(3.3V)      C75H50               (77.2000 39.1000) TOP/BOTTOM 
  DVDD_I_O2(3.3V)      C75H50               (77.2000 40.2000) TOP/BOTTOM 
  GND                  C90H60               (16.0000 44.0421) TOP/BOTTOM 
  GND                  C90H60               (16.0000 54.0421) TOP/BOTTOM 
  GND                  C90H60               (16.0000 64.0421) TOP/BOTTOM 
  GND                  C90H60               (16.0000 74.0421) TOP/BOTTOM 
  GND                  C90H60               (16.0000 84.0421) TOP/BOTTOM 
  GND                  C90H60               (16.0000 94.0421) TOP/BOTTOM 
  GND                  C90H60               (16.0000 104.0421) TOP/BOTTOM 
  GND                  C90H60               (16.0000 114.0421) TOP/BOTTOM 
  GND                  C90H60               (56.0000 44.0201) TOP/BOTTOM 
  VCC                  C50H30               (5.2000 39.5000) TOP/BOTTOM 
  VCC                  C75H50               (40.2000 11.7000) TOP/BOTTOM 
  VCC                  C75H50               (40.2000 13.0000) TOP/BOTTOM 
  VCC                  C75H50               (40.2000 21.8000) TOP/BOTTOM 
  VCC                  C75H50               (40.2000 23.1000) TOP/BOTTOM 
  VCC                  C75H50               (40.2000 31.8000) TOP/BOTTOM 
  VCC                  C75H50               (40.2000 33.1000) TOP/BOTTOM 
  VCC                  C75H50               (40.2000 41.9000) TOP/BOTTOM 
  VCC                  C75H50               (40.2000 43.2000) TOP/BOTTOM 
  VCC                  C75H50               (40.2000 52.0000) TOP/BOTTOM 
  VCC                  C75H50               (40.2000 53.3000) TOP/BOTTOM 
  VCC                  C75H50               (40.2000 62.2000) TOP/BOTTOM 
  VCC                  C75H50               (40.2000 63.5000) TOP/BOTTOM 
  VCC                  C75H50               (40.4000 89.3000) TOP/BOTTOM 
  VCC                  C75H50               (40.4000 90.6000) TOP/BOTTOM 
  VCC                  C75H50               (40.4000 100.0000) TOP/BOTTOM 
  VCC                  C75H50               (40.4000 101.3000) TOP/BOTTOM 
  VCC                  C75H50               (40.4000 120.1000) TOP/BOTTOM 
  VCC                  C75H50               (40.4000 121.4000) TOP/BOTTOM 
  VCC                  C75H50               (40.4000 130.0000) TOP/BOTTOM 
  VCC                  C75H50               (40.4000 131.2000) TOP/BOTTOM 
  VCC                  C75H50               (40.4000 139.5000) TOP/BOTTOM 
  VCC                  C75H50               (40.4000 140.8000) TOP/BOTTOM 
  VCC                  C75H50               (40.5000 110.2000) TOP/BOTTOM 
  VCC                  C75H50               (40.5000 111.5000) TOP/BOTTOM 
  VCC                  C75H50               (41.5000 11.7000) TOP/BOTTOM 
  VCC                  C75H50               (41.5000 13.0000) TOP/BOTTOM 
  VCC                  C75H50               (41.5000 21.8000) TOP/BOTTOM 
  VCC                  C75H50               (41.5000 23.1000) TOP/BOTTOM 
  VCC                  C75H50               (41.5000 31.8000) TOP/BOTTOM 
  VCC                  C75H50               (41.5000 33.1000) TOP/BOTTOM 
  VCC                  C75H50               (41.5000 41.9000) TOP/BOTTOM 
  VCC                  C75H50               (41.5000 43.2000) TOP/BOTTOM 
  VCC                  C75H50               (41.5000 52.0000) TOP/BOTTOM 
  VCC                  C75H50               (41.5000 53.3000) TOP/BOTTOM 
  VCC                  C75H50               (41.5000 62.2000) TOP/BOTTOM 
  VCC                  C75H50               (41.5000 63.5000) TOP/BOTTOM 
  VCC                  C75H50               (41.7000 89.3000) TOP/BOTTOM 
  VCC                  C75H50               (41.7000 90.6000) TOP/BOTTOM 
  VCC                  C75H50               (41.7000 100.0000) TOP/BOTTOM 
  VCC                  C75H50               (41.7000 101.3000) TOP/BOTTOM 
  VCC                  C75H50               (41.7000 120.1000) TOP/BOTTOM 
  VCC                  C75H50               (41.7000 121.4000) TOP/BOTTOM 
  VCC                  C75H50               (41.7000 130.0000) TOP/BOTTOM 
  VCC                  C75H50               (41.7000 131.2000) TOP/BOTTOM 
  VCC                  C75H50               (41.7000 139.5000) TOP/BOTTOM 
  VCC                  C75H50               (41.7000 140.8000) TOP/BOTTOM 
  VCC                  C75H50               (41.8000 110.2000) TOP/BOTTOM 
  VCC                  C75H50               (41.8000 111.5000) TOP/BOTTOM 

<< Summary >>
  Total dangling lines:       5
  Total dangling vias:       69
  Total antenna vias:       207
