#-----------------------------------------------------------
# Vivado v2017.3 (64-bit)
# SW Build 2018833 on Wed Oct  4 19:58:22 MDT 2017
# IP Build 2016188 on Wed Oct  4 21:52:56 MDT 2017
# Start of session at: Fri Jan  6 16:49:21 2023
# Process ID: 1832
# Current directory: C:/Jeonghyun/Lab/TaehyunKim/DDS/AD9910/JHPARK/JeonghyunPark/AD9910_CODE-AD9910V1_1/Verilog17/AD9910
# Command line: vivado.exe -gui_launcher_event rodinguilauncherevent5420 C:\Jeonghyun\Lab\TaehyunKim\DDS\AD9910\JHPARK\JeonghyunPark\AD9910_CODE-AD9910V1_1\Verilog17\AD9910\AD9910.xpr
# Log file: C:/Jeonghyun/Lab/TaehyunKim/DDS/AD9910/JHPARK/JeonghyunPark/AD9910_CODE-AD9910V1_1/Verilog17/AD9910/vivado.log
# Journal file: C:/Jeonghyun/Lab/TaehyunKim/DDS/AD9910/JHPARK/JeonghyunPark/AD9910_CODE-AD9910V1_1/Verilog17/AD9910\vivado.jou
#-----------------------------------------------------------
start_gui
open_project C:/Jeonghyun/Lab/TaehyunKim/DDS/AD9910/JHPARK/JeonghyunPark/AD9910_CODE-AD9910V1_1/Verilog17/AD9910/AD9910.xpr
reset_run synth_1
launch_runs impl_1 -to_step write_bitstream -jobs 10
wait_on_run impl_1
open_run impl_1
reset_run synth_1
launch_runs impl_1 -to_step write_bitstream -jobs 20
wait_on_run impl_1
reset_run synth_1
launch_runs impl_1 -to_step write_bitstream -jobs 20
wait_on_run impl_1
open_hw
connect_hw_server
open_hw_target
set_property PROGRAM.FILE {C:/Jeonghyun/Lab/TaehyunKim/DDS/AD9910/JHPARK/JeonghyunPark/AD9910_CODE-AD9910V1_1/Verilog17/AD9910/AD9910.runs/impl_1/main.bit} [get_hw_devices xc7s50_0]
current_hw_device [get_hw_devices xc7s50_0]
refresh_hw_device -update_hw_probes false [lindex [get_hw_devices xc7s50_0] 0]
create_hw_cfgmem -hw_device [lindex [get_hw_devices] 0] -mem_dev [lindex [get_cfgmem_parts {s25fl128sxxxxxx0-spi-x1_x2_x4}] 0]
set_property PROBES.FILE {} [get_hw_devices xc7s50_0]
set_property FULL_PROBES.FILE {} [get_hw_devices xc7s50_0]
set_property PROGRAM.FILE {C:/Jeonghyun/Lab/TaehyunKim/DDS/AD9910/JHPARK/JeonghyunPark/AD9910_CODE-AD9910V1_1/Verilog17/AD9910/AD9910.runs/impl_1/main.bit} [get_hw_devices xc7s50_0]
program_hw_devices [get_hw_devices xc7s50_0]
refresh_hw_device [lindex [get_hw_devices xc7s50_0] 0]
set_property PROBES.FILE {} [get_hw_devices xc7s50_0]
set_property FULL_PROBES.FILE {} [get_hw_devices xc7s50_0]
set_property PROGRAM.FILE {C:/Jeonghyun/Lab/TaehyunKim/DDS/AD9910/JHPARK/JeonghyunPark/AD9910_CODE-AD9910V1_1/Verilog17/AD9910/AD9910.runs/impl_1/main.bit} [get_hw_devices xc7s50_0]
program_hw_devices [get_hw_devices xc7s50_0]
refresh_hw_device [lindex [get_hw_devices xc7s50_0] 0]
set_property PROBES.FILE {} [get_hw_devices xc7s50_0]
set_property FULL_PROBES.FILE {} [get_hw_devices xc7s50_0]
set_property PROGRAM.FILE {C:/Jeonghyun/Lab/TaehyunKim/DDS/AD9910/JHPARK/JeonghyunPark/AD9910_CODE-AD9910V1_1/Verilog17/AD9910/AD9910.runs/impl_1/main.bit} [get_hw_devices xc7s50_0]
program_hw_devices [get_hw_devices xc7s50_0]
refresh_hw_device [lindex [get_hw_devices xc7s50_0] 0]
set_property SOURCE_SET sources_1 [get_filesets sim_1]
close [ open C:/Jeonghyun/Lab/TaehyunKim/DDS/AD9910/JHPARK/JeonghyunPark/AD9910_CODE-AD9910V1_1/Verilog17/AD9910/AD9910.srcs/sim_1/new/testbench_main7.v w ]
add_files -fileset sim_1 C:/Jeonghyun/Lab/TaehyunKim/DDS/AD9910/JHPARK/JeonghyunPark/AD9910_CODE-AD9910V1_1/Verilog17/AD9910/AD9910.srcs/sim_1/new/testbench_main7.v
export_ip_user_files -of_objects  [get_files C:/Jeonghyun/Lab/TaehyunKim/DDS/AD9910/JHPARK/JeonghyunPark/AD9910_CODE-AD9910V1_1/Verilog17/AD9910/AD9910.srcs/sim_1/new/testbench_main7.v] -no_script -reset -force -quiet
remove_files  -fileset sim_1 C:/Jeonghyun/Lab/TaehyunKim/DDS/AD9910/JHPARK/JeonghyunPark/AD9910_CODE-AD9910V1_1/Verilog17/AD9910/AD9910.srcs/sim_1/new/testbench_main7.v
file delete -force C:/Jeonghyun/Lab/TaehyunKim/DDS/AD9910/JHPARK/JeonghyunPark/AD9910_CODE-AD9910V1_1/Verilog17/AD9910/AD9910.srcs/sim_1/new/testbench_main7.v
remove_files  -fileset sim_1 C:/Jeonghyun/Lab/TaehyunKim/DDS/AD9910/JHPARK/JeonghyunPark/AD9910_CODE-AD9910V1_1/Verilog17/AD9910/AD9910.srcs/sim_1/new/testbench_main7.v
set_property SOURCE_SET sources_1 [get_filesets sim_1]
close [ open C:/Jeonghyun/Lab/TaehyunKim/DDS/AD9910/JHPARK/JeonghyunPark/AD9910_CODE-AD9910V1_1/Verilog17/AD9910/AD9910.srcs/sim_1/new/testbench_main7.sv w ]
add_files -fileset sim_1 C:/Jeonghyun/Lab/TaehyunKim/DDS/AD9910/JHPARK/JeonghyunPark/AD9910_CODE-AD9910V1_1/Verilog17/AD9910/AD9910.srcs/sim_1/new/testbench_main7.sv
# Disabling source management mode.  This is to allow the top design properties to be set without GUI intervention.
set_property source_mgmt_mode None [current_project]
set_property top testbench_main7 [get_filesets sim_1]
set_property top_lib xil_defaultlib [get_filesets sim_1]
# Re-enabling previously disabled source management mode.
set_property source_mgmt_mode DisplayOnly [current_project]
launch_simulation
source testbench_main7.tcl
set_property PROBES.FILE {} [get_hw_devices xc7s50_0]
set_property FULL_PROBES.FILE {} [get_hw_devices xc7s50_0]
set_property PROGRAM.FILE {C:/Jeonghyun/Lab/TaehyunKim/DDS/AD9910/JHPARK/JeonghyunPark/AD9910_CODE-AD9910V1_1/Verilog17/AD9910/AD9910.runs/impl_1/main.bit} [get_hw_devices xc7s50_0]
program_hw_devices [get_hw_devices xc7s50_0]
refresh_hw_device [lindex [get_hw_devices xc7s50_0] 0]
set_property PROBES.FILE {} [get_hw_devices xc7s50_0]
set_property FULL_PROBES.FILE {} [get_hw_devices xc7s50_0]
set_property PROGRAM.FILE {C:/Jeonghyun/Lab/TaehyunKim/DDS/AD9910/JHPARK/JeonghyunPark/AD9910_CODE-AD9910V1_1/Verilog17/AD9910/AD9910.runs/impl_1/main.bit} [get_hw_devices xc7s50_0]
program_hw_devices [get_hw_devices xc7s50_0]
refresh_hw_device [lindex [get_hw_devices xc7s50_0] 0]
set_property PROBES.FILE {} [get_hw_devices xc7s50_0]
set_property FULL_PROBES.FILE {} [get_hw_devices xc7s50_0]
set_property PROGRAM.FILE {C:/Jeonghyun/Lab/TaehyunKim/DDS/AD9910/JHPARK/JeonghyunPark/AD9910_CODE-AD9910V1_1/Verilog17/AD9910/AD9910.runs/impl_1/main.bit} [get_hw_devices xc7s50_0]
program_hw_devices [get_hw_devices xc7s50_0]
refresh_hw_device [lindex [get_hw_devices xc7s50_0] 0]
set_property PROBES.FILE {} [get_hw_devices xc7s50_0]
set_property FULL_PROBES.FILE {} [get_hw_devices xc7s50_0]
set_property PROGRAM.FILE {C:/Jeonghyun/Lab/TaehyunKim/DDS/AD9910/JHPARK/JeonghyunPark/AD9910_CODE-AD9910V1_1/Verilog17/AD9910/AD9910.runs/impl_1/main.bit} [get_hw_devices xc7s50_0]
program_hw_devices [get_hw_devices xc7s50_0]
refresh_hw_device [lindex [get_hw_devices xc7s50_0] 0]
reset_run synth_1
launch_runs impl_1 -to_step write_bitstream -jobs 20
wait_on_run impl_1
set_property PROBES.FILE {} [get_hw_devices xc7s50_0]
set_property FULL_PROBES.FILE {} [get_hw_devices xc7s50_0]
set_property PROGRAM.FILE {C:/Jeonghyun/Lab/TaehyunKim/DDS/AD9910/JHPARK/JeonghyunPark/AD9910_CODE-AD9910V1_1/Verilog17/AD9910/AD9910.runs/impl_1/main.bit} [get_hw_devices xc7s50_0]
program_hw_devices [get_hw_devices xc7s50_0]
refresh_hw_device [lindex [get_hw_devices xc7s50_0] 0]
close_sim
