Copyright 1986-2017 Xilinx, Inc. All Rights Reserved.
------------------------------------------------------------------------------------
| Tool Version : Vivado v.2017.3 (win64) Build 2018833 Wed Oct  4 19:58:22 MDT 2017
| Date         : Fri Aug 21 10:41:38 2020
| Host         : DESKTOP-9UKB43H running 64-bit major release  (build 9200)
| Command      : report_control_sets -file main_control_sets_placed.rpt
| Design       : main
| Device       : xc7s50
------------------------------------------------------------------------------------

Control Set Information

Table of Contents
-----------------
1. Summary
2. Flip-Flop Distribution

1. Summary
----------

+-------------------------------+-------+
|             Status            | Count |
+-------------------------------+-------+
| Number of unique control sets |    84 |
+-------------------------------+-------+


2. Flip-Flop Distribution
-------------------------

+--------------+-----------------------+------------------------+-----------------+--------------+
| Clock Enable | Synchronous Set/Reset | Asynchronous Set/Reset | Total Registers | Total Slices |
+--------------+-----------------------+------------------------+-----------------+--------------+
| No           | No                    | No                     |            8266 |         3483 |
| No           | No                    | Yes                    |              21 |            9 |
| No           | Yes                   | No                     |              58 |           25 |
| Yes          | No                    | No                     |            3012 |         1081 |
| Yes          | No                    | Yes                    |               0 |            0 |
| Yes          | Yes                   | No                     |             671 |          181 |
+--------------+-----------------------+------------------------+-----------------+--------------+


